[www.swyfft.com/index.html]
[backblue.gif]
[fade.gif]
[index.html]
[www.swyfft.com/app/dist/commonStyle.bundlede78.css]
[ajax.googleapis.com/ajax/libs/jquery/3.2.1/jquery.min.js]
[cdnjs.cloudflare.com/ajax/libs/font-awesome/4.7.0/css/font-awesome.min.css]
[www.swyfft.com/Content/common8f7c.css]
[ajax.googleapis.com/ajax/libs/jqueryui/1.12.1/jquery-ui.min.js]
[cdnjs.cloudflare.com/ajax/libs/react/16.4.0/umd/react.production.min.js]
[cdnjs.cloudflare.com/ajax/libs/react-dom/16.4.0/umd/react-dom.production.min.js]
[cdnjs.cloudflare.com/ajax/libs/moment.js/2.18.1/moment.min.js]
[cdnjs.cloudflare.com/ajax/libs/react-bootstrap/0.32.1/react-bootstrap.min.js]
[cdnjs.cloudflare.com/ajax/libs/numeral.js/2.0.6/numeral.min.js]
[cdnjs.cloudflare.com/ajax/libs/es6-promise/4.1.1/es6-promise.auto.min.js]
[cdnjs.cloudflare.com/ajax/libs/MutationObserver.js/0.3.2/mutationobserver.min.js]
[www.swyfft.com/app/dist/home.bundle1194.css]
[www.swyfft.com/images/singleSShieldSwyfft-57x57.png]
[www.swyfft.com/images/singleSShieldSwyfft-72x72.png]
[www.swyfft.com/images/singleSShieldSwyfft-114x114.png]
[www.swyfft.com/images/singleSShieldSwyfft-120x120.png]
[www.swyfft.com/images/singleSShieldSwyfft-144x144.png]
[www.swyfft.com/images/favicon.png]
[www.swyfft.com/images/ajax-loader.gif]
[www.swyfft.com/images/Swyfft_Logo.png]
[www.swyfft.com/quote.html]
[www.swyfft.com/Loginc3b6.html]
[www.swyfft.com/address.html]
[www.swyfft.com/Login.html]
[www.swyfft.com/About.html]
[www.swyfft.com/ContactUs.html]
[www.swyfft.com/Faq.html]
[www.swyfft.com/Press.html]
[www.swyfft.com/Claims.html]
[www.swyfft.com/Login7cd2.html]
[www.swyfft.com/Login1e88.html]
[www.swyfft.com/privacy.html]
[www.swyfft.com/App/main303a]
[www.swyfft.com/app/dist/commons.bundle5bfb.js]
[www.swyfft.com/index.html]
[www.swyfft.com/app/dist/home.bundle27bf.js]
[www.swyfft.com/Content/images/ui-icons_444444_256x240.png]
[www.swyfft.com/Content/images/ui-icons_555555_256x240.png]
[www.swyfft.com/Content/images/ui-icons_ffffff_256x240.png]
[www.swyfft.com/Content/images/ui-icons_777620_256x240.png]
[www.swyfft.com/Content/images/ui-icons_cc0000_256x240.png]
[www.swyfft.com/Content/images/ui-icons_777777_256x240.png]
[www.swyfft.com/fonts/glyphicons-halflings-regular.eot]
[www.swyfft.com/fonts/glyphicons-halflings-regulard41d.eot]
[www.swyfft.com/fonts/glyphicons-halflings-regular.woff2]
[www.swyfft.com/fonts/glyphicons-halflings-regular.woff]
[www.swyfft.com/fonts/glyphicons-halflings-regular.ttf]
[www.swyfft.com/Content/common8f7c.css]
[www.swyfft.com/fonts/icomoon7a48.eot]
[www.swyfft.com/fonts/icomoond41d.eot]
[www.swyfft.com/fonts/icomoon7a48.woff]
[www.swyfft.com/fonts/icomoon7a48.ttf]
[www.swyfft.com/images/HeroHome.jpg]
[www.swyfft.com/images/BottomPhoto.jpg]
[www.swyfft.com/images/HeroContact.jpg]
[www.swyfft.com/images/HeroAbout.jpg]
[www.swyfft.com/images/HeroFAQ.jpg]
[www.swyfft.com/images/HeroClaims.jpg]
[www.swyfft.com/images/HeroAgentLogin.jpg]
[www.swyfft.com/images/HeroSqFt.png]
[www.swyfft.com/images/HeroPayment.jpg]
[www.swyfft.com/images/quote-map-hero-image.jpg]
[www.swyfft.com/images/HeroAgentMap.jpg]
[www.swyfft.com/images/HeroAgent.jpg]
[www.swyfft.com/images/HeroThankYou.jpg]
[www.swyfft.com/images/GreenPin.png]
[www.swyfft.com/images/HouseIcon2.png]
[www.swyfft.com/images/dropdown_arrow.png]
[www.swyfft.com/images/previous.png]
[www.swyfft.com/images/next.png]
[www.swyfft.com/images/loading.gif]
[www.swyfft.com/app/dist/commonStyle.bundlede78.css]
[cdnjs.cloudflare.com/ajax/libs/font-awesome/4.7.0/css/font-awesome.min.css]
[www.swyfft.com/app/dist/home.bundle1194.css]
[www.swyfft.com/images/HUB-logo-sm.svg]
[js.hs-scripts.com/4524135.js]
[www.swyfft.com/app/dist/quote.bundlee6f8.css]
[www.swyfft.com/images/search-icon.png]
[www.swyfft.com/Images/Swyfft_Shield_Black-print.jpg]
[www.swyfft.com/Images/Transparent.gif]
[www.swyfft.com/quote.html]
[www.swyfft.com/app/dist/quote.bundle45ee.js]
[www.swyfft.com/app/dist/login.bundle4333.css]
[www.swyfft.com/Loginc3b6.html]
[www.swyfft.com/app/dist/login.bundle9287.js]
[www.swyfft.com/app/dist/address.bundleb43e.css]
[www.swyfft.com/app/dist/address.bundle9d58.js]
[www.swyfft.com/address.html]
[www.swyfft.com/images/logo-svg.svg]
[www.swyfft.com/Login.html]
[www.swyfft.com/app/dist/aboutPrivacy.bundle178a.css]
[www.swyfft.com/About.html]
[www.swyfft.com/app/dist/AboutPrivacy.bundle670a.js]
[www.swyfft.com/app/dist/contact.bundlef798.css]
[www.swyfft.com/images/jersey-office.jpg]
[www.swyfft.com/images/redmond-office.jpg]
[www.swyfft.com/app/dist/contact.bundleb4f5.js]
[www.swyfft.com/ContactUs.html]
[www.swyfft.com/app/dist/faq.bundle3741.css]
[www.swyfft.com/Faq/Agents.html]
[www.swyfft.com/app/dist/Faq.bundle0551.js]
[www.swyfft.com/Faq.html]
[www.swyfft.com/app/dist/press.bundle677f.css]
[www.swyfft.com/Press.html]
[www.swyfft.com/app/dist/press.bundle96b6.js]
[www.swyfft.com/app/dist/claims.bundle76c5.css]
[www.swyfft.com/node_modules/iframe-resizer/js/iframeResizer.min.js]
[www.swyfft.com/app/dist/Claims.bundle9f75.js]
[www.swyfft.com/Claims.html]
[www.swyfft.com/Login7cd2.html]
[www.swyfft.com/Login1e88.html]
[www.swyfft.com/privacy.html]
[www.swyfft.com/app/dist/aboutPrivacy.bundle670a-2.js]
[www.swyfft.com/app/dist/commons.bundle5bfb.js]
[www.swyfft.com/app/dist/home.bundle27bf.js]
[www.swyfft.com/fonts/glyphicons-halflings-regular.svg]
[www.swyfft.com/images/chevron-down.svg]
[www.swyfft.com/fonts/icomoon7a48.svg]
[www.swyfft.com/images/ui-bg_flat_0_aaaaaa_40x100.html]
[www.swyfft.com/home/index.html]
[www.swyfft.com/images/HeroQuote.jpg]
[www.swyfft.com/images/btn-dropdown.png]
[www.swyfft.com/images/btn-dropdown_flipped.png]
[www.swyfft.com/images/arrow.png]
[www.swyfft.com/app/dist/quote.bundlee6f8.css]
[www.swyfft.com/images/shield-logo-45x50-white.svg]
[www.swyfft.com/images/warning_preview.svg]
[www.swyfft.com/app/dist/quote.bundle45ee.js]
[www.swyfft.com/app/dist/login.bundle4333.css]
[www.swyfft.com/app/dist/login.bundle9287.js]
[www.swyfft.com/app/dist/address.bundleb43e.css]
[www.swyfft.com/app/dist/address.bundle9d58.js]
[www.swyfft.com/app/dist/aboutPrivacy.bundle178a.css]
[www.swyfft.com/app/dist/AboutPrivacy.bundle670a.js]
[www.swyfft.com/app/dist/contact.bundlef798.css]
[www.swyfft.com/app/dist/contact.bundleb4f5.js]
[www.swyfft.com/app/dist/faq.bundle3741.css]
[www.swyfft.com/app/dist/agentFAQ.bundle51bc.css]
[www.swyfft.com/app/dist/agentFAQ.bundle5283.js]
[www.swyfft.com/Faq/Agents.html]
[www.swyfft.com/app/dist/Faq.bundle0551.js]
[www.swyfft.com/app/dist/press.bundle677f.css]
[www.swyfft.com/app/dist/press.bundle96b6.js]
[www.swyfft.com/app/dist/claims.bundle76c5.css]
[www.swyfft.com/node_modules/iframe-resizer/js/iframeResizer.min.js]
[www.swyfft.com/app/dist/Claims.bundle9f75.js]
[www.swyfft.com/app/dist/aboutPrivacy.bundle670a-2.js]
[www.swyfft.com/; path=/index.html]
[www.swyfft.com/api/quotes/index.html]
[www.swyfft.com/api/propertyLocation/index.html]
[www.swyfft.com/api/property/index.html]
[www.swyfft.com/api/commercial/quotes/index.html]
[www.swyfft.com/trident/index.html]
[www.swyfft.com/AppleWebKit/index.html]
[www.swyfft.com/Safari/index.html]
[www.swyfft.com/home/index.html]
[www.google-analytics.com/analytics.js]
[www.googletagmanager.com/gtm5445.js]
[www.swyfft.com/app/dist/agentFAQ.bundle51bc.css]
[www.swyfft.com/app/dist/agentFAQ.bundle5283.js]
